+ export CUDA_DEVICE_MAX_CONNECTIONS=1
+ CUDA_DEVICE_MAX_CONNECTIONS=1
+ mpirun --prefix /home/zhaijidong/yhy/.local/openmpi/bin/../ -x MASTER_ADDR -x MASTER_PORT -x LD_LIBRARY_PATH -x PATH -x TRACE_NAME -x NCCL_DEBUG -x NCCL_NET_GDR_LEVEL -x NCCL_DEBUG_SUBSYS -x NCCL_IB_DISABLE -np 16 --host g3021:8,g3022:8 python tools/bench_ring_attn.py
[mngg001:2601957] Warning: could not find environment variable "NCCL_NET_GDR_LEVEL"
[mngg001:2601957] Warning: could not find environment variable "NCCL_DEBUG_SUBSYS"
[mngg001:2601957] Warning: could not find environment variable "NCCL_IB_DISABLE"
torch distributed is already initialized, skipping initialization ...
************ Finish sequence pralell group Initialization. ***********
S=16384
# zigzag_ring_flash_attn_func, fwd
g3021:495636:495636 [0] NCCL INFO Bootstrap : Using ibs10:11.3.5.1<0>
g3021:495636:495636 [0] NCCL INFO NET/Plugin : Plugin load (libnccl-net.so) returned 2 : libnccl-net.so: cannot open shared object file: No such file or directory
g3021:495636:495636 [0] NCCL INFO NET/Plugin : No plugin found, using internal implementation
g3021:495636:495636 [0] NCCL INFO cudaDriverVersion 12000
NCCL version 2.18.6+cuda11.8
g3021:495641:495641 [5] NCCL INFO cudaDriverVersion 12000
g3021:495637:495637 [1] NCCL INFO cudaDriverVersion 12000
g3021:495640:495640 [4] NCCL INFO cudaDriverVersion 12000
g3021:495639:495639 [3] NCCL INFO cudaDriverVersion 12000
g3022:3856427:3856427 [0] NCCL INFO cudaDriverVersion 12000
g3021:495643:495643 [7] NCCL INFO cudaDriverVersion 12000
g3022:3856431:3856431 [4] NCCL INFO cudaDriverVersion 12000
g3022:3856434:3856434 [7] NCCL INFO cudaDriverVersion 12000
g3022:3856428:3856428 [1] NCCL INFO cudaDriverVersion 12000
g3022:3856432:3856432 [5] NCCL INFO cudaDriverVersion 12000
g3021:495641:495641 [5] NCCL INFO Bootstrap : Using ibs10:11.3.5.1<0>
g3022:3856433:3856433 [6] NCCL INFO cudaDriverVersion 12000
g3022:3856429:3856429 [2] NCCL INFO cudaDriverVersion 12000
g3022:3856430:3856430 [3] NCCL INFO cudaDriverVersion 12000
g3021:495641:495641 [5] NCCL INFO NET/Plugin : Plugin load (libnccl-net.so) returned 2 : libnccl-net.so: cannot open shared object file: No such file or directory
g3021:495641:495641 [5] NCCL INFO NET/Plugin : No plugin found, using internal implementation
g3021:495637:495637 [1] NCCL INFO Bootstrap : Using ibs10:11.3.5.1<0>
g3021:495637:495637 [1] NCCL INFO NET/Plugin : Plugin load (libnccl-net.so) returned 2 : libnccl-net.so: cannot open shared object file: No such file or directory
g3021:495637:495637 [1] NCCL INFO NET/Plugin : No plugin found, using internal implementation
g3021:495638:495638 [2] NCCL INFO cudaDriverVersion 12000
g3021:495640:495640 [4] NCCL INFO Bootstrap : Using ibs10:11.3.5.1<0>
g3021:495639:495639 [3] NCCL INFO Bootstrap : Using ibs10:11.3.5.1<0>
g3021:495643:495643 [7] NCCL INFO Bootstrap : Using ibs10:11.3.5.1<0>
g3021:495640:495640 [4] NCCL INFO NET/Plugin : Plugin load (libnccl-net.so) returned 2 : libnccl-net.so: cannot open shared object file: No such file or directory
g3021:495640:495640 [4] NCCL INFO NET/Plugin : No plugin found, using internal implementation
g3021:495639:495639 [3] NCCL INFO NET/Plugin : Plugin load (libnccl-net.so) returned 2 : libnccl-net.so: cannot open shared object file: No such file or directory
g3021:495639:495639 [3] NCCL INFO NET/Plugin : No plugin found, using internal implementation
g3021:495638:495638 [2] NCCL INFO Bootstrap : Using ibs10:11.3.5.1<0>
g3021:495643:495643 [7] NCCL INFO NET/Plugin : Plugin load (libnccl-net.so) returned 2 : libnccl-net.so: cannot open shared object file: No such file or directory
g3021:495643:495643 [7] NCCL INFO NET/Plugin : No plugin found, using internal implementation
g3021:495638:495638 [2] NCCL INFO NET/Plugin : Plugin load (libnccl-net.so) returned 2 : libnccl-net.so: cannot open shared object file: No such file or directory
g3021:495638:495638 [2] NCCL INFO NET/Plugin : No plugin found, using internal implementation
g3022:3856427:3856427 [0] NCCL INFO Bootstrap : Using ibs10:11.3.5.2<0>
g3022:3856428:3856428 [1] NCCL INFO Bootstrap : Using ibs10:11.3.5.2<0>
g3022:3856432:3856432 [5] NCCL INFO Bootstrap : Using ibs10:11.3.5.2<0>
g3022:3856431:3856431 [4] NCCL INFO Bootstrap : Using ibs10:11.3.5.2<0>
g3022:3856434:3856434 [7] NCCL INFO Bootstrap : Using ibs10:11.3.5.2<0>
g3022:3856430:3856430 [3] NCCL INFO Bootstrap : Using ibs10:11.3.5.2<0>
g3022:3856433:3856433 [6] NCCL INFO Bootstrap : Using ibs10:11.3.5.2<0>
g3022:3856429:3856429 [2] NCCL INFO Bootstrap : Using ibs10:11.3.5.2<0>
g3022:3856434:3856434 [7] NCCL INFO NET/Plugin : Plugin load (libnccl-net.so) returned 2 : libnccl-net.so: cannot open shared object file: No such file or directory
g3022:3856434:3856434 [7] NCCL INFO NET/Plugin : No plugin found, using internal implementation
g3022:3856428:3856428 [1] NCCL INFO NET/Plugin : Plugin load (libnccl-net.so) returned 2 : libnccl-net.so: cannot open shared object file: No such file or directory
g3022:3856428:3856428 [1] NCCL INFO NET/Plugin : No plugin found, using internal implementation
g3022:3856432:3856432 [5] NCCL INFO NET/Plugin : Plugin load (libnccl-net.so) returned 2 : libnccl-net.so: cannot open shared object file: No such file or directory
g3022:3856432:3856432 [5] NCCL INFO NET/Plugin : No plugin found, using internal implementation
g3022:3856429:3856429 [2] NCCL INFO NET/Plugin : Plugin load (libnccl-net.so) returned 2 : libnccl-net.so: cannot open shared object file: No such file or directory
g3022:3856429:3856429 [2] NCCL INFO NET/Plugin : No plugin found, using internal implementation
g3022:3856427:3856427 [0] NCCL INFO NET/Plugin : Plugin load (libnccl-net.so) returned 2 : libnccl-net.so: cannot open shared object file: No such file or directory
g3022:3856427:3856427 [0] NCCL INFO NET/Plugin : No plugin found, using internal implementation
g3022:3856431:3856431 [4] NCCL INFO NET/Plugin : Plugin load (libnccl-net.so) returned 2 : libnccl-net.so: cannot open shared object file: No such file or directory
g3022:3856431:3856431 [4] NCCL INFO NET/Plugin : No plugin found, using internal implementation
g3022:3856430:3856430 [3] NCCL INFO NET/Plugin : Plugin load (libnccl-net.so) returned 2 : libnccl-net.so: cannot open shared object file: No such file or directory
g3022:3856430:3856430 [3] NCCL INFO NET/Plugin : No plugin found, using internal implementation
g3022:3856433:3856433 [6] NCCL INFO NET/Plugin : Plugin load (libnccl-net.so) returned 2 : libnccl-net.so: cannot open shared object file: No such file or directory
g3022:3856433:3856433 [6] NCCL INFO NET/Plugin : No plugin found, using internal implementation
g3021:495642:495642 [6] NCCL INFO cudaDriverVersion 12000
g3021:495642:495642 [6] NCCL INFO Bootstrap : Using ibs10:11.3.5.1<0>
g3021:495642:495642 [6] NCCL INFO NET/Plugin : Plugin load (libnccl-net.so) returned 2 : libnccl-net.so: cannot open shared object file: No such file or directory
g3021:495642:495642 [6] NCCL INFO NET/Plugin : No plugin found, using internal implementation
g3021:495641:496216 [5] NCCL INFO NET/IB : Using [0]mlx5_0:1/IB [1]mlx5_1:1/IB [2]mlx5_2:1/IB [3]mlx5_3:1/IB [RO]; OOB ibs10:11.3.5.1<0>
g3021:495641:496216 [5] NCCL INFO Using network IB
g3021:495637:496217 [1] NCCL INFO NET/IB : Using [0]mlx5_0:1/IB [1]mlx5_1:1/IB [2]mlx5_2:1/IB [3]mlx5_3:1/IB [RO]; OOB ibs10:11.3.5.1<0>
g3021:495637:496217 [1] NCCL INFO Using network IB
g3021:495643:496219 [7] NCCL INFO NET/IB : Using [0]mlx5_0:1/IB [1]mlx5_1:1/IB [2]mlx5_2:1/IB [3]mlx5_3:1/IB [RO]; OOB ibs10:11.3.5.1<0>
g3021:495643:496219 [7] NCCL INFO Using network IB
g3021:495639:496218 [3] NCCL INFO NET/IB : Using [0]mlx5_0:1/IB [1]mlx5_1:1/IB [2]mlx5_2:1/IB [3]mlx5_3:1/IB [RO]; OOB ibs10:11.3.5.1<0>
g3021:495639:496218 [3] NCCL INFO Using network IB
g3021:495638:496220 [2] NCCL INFO NET/IB : Using [0]mlx5_0:1/IB [1]mlx5_1:1/IB [2]mlx5_2:1/IB [3]mlx5_3:1/IB [RO]; OOB ibs10:11.3.5.1<0>
g3021:495638:496220 [2] NCCL INFO Using network IB
g3021:495640:496221 [4] NCCL INFO NET/IB : Using [0]mlx5_0:1/IB [1]mlx5_1:1/IB [2]mlx5_2:1/IB [3]mlx5_3:1/IB [RO]; OOB ibs10:11.3.5.1<0>
g3021:495640:496221 [4] NCCL INFO Using network IB
g3021:495642:496226 [6] NCCL INFO NET/IB : Using [0]mlx5_0:1/IB [1]mlx5_1:1/IB [2]mlx5_2:1/IB [3]mlx5_3:1/IB [RO]; OOB ibs10:11.3.5.1<0>
g3021:495642:496226 [6] NCCL INFO Using network IB
g3021:495636:496215 [0] NCCL INFO NET/IB : Using [0]mlx5_0:1/IB [1]mlx5_1:1/IB [2]mlx5_2:1/IB [3]mlx5_3:1/IB [RO]; OOB ibs10:11.3.5.1<0>
g3021:495636:496215 [0] NCCL INFO Using network IB
g3022:3856431:3857015 [4] NCCL INFO NET/IB : Using [0]mlx5_0:1/IB [1]mlx5_1:1/IB [2]mlx5_2:1/IB [3]mlx5_3:1/IB [RO]; OOB ibs10:11.3.5.2<0>
g3022:3856431:3857015 [4] NCCL INFO Using network IB
g3022:3856430:3857016 [3] NCCL INFO NET/IB : Using [0]mlx5_0:1/IB [1]mlx5_1:1/IB [2]mlx5_2:1/IB [3]mlx5_3:1/IB [RO]; OOB ibs10:11.3.5.2<0>
g3022:3856430:3857016 [3] NCCL INFO Using network IB
g3022:3856433:3857012 [6] NCCL INFO NET/IB : Using [0]mlx5_0:1/IB [1]mlx5_1:1/IB [2]mlx5_2:1/IB [3]mlx5_3:1/IB [RO]; OOB ibs10:11.3.5.2<0>
g3022:3856433:3857012 [6] NCCL INFO Using network IB
g3022:3856429:3857013 [2] NCCL INFO NET/IB : Using [0]mlx5_0:1/IB [1]mlx5_1:1/IB [2]mlx5_2:1/IB [3]mlx5_3:1/IB [RO]; OOB ibs10:11.3.5.2<0>
g3022:3856429:3857013 [2] NCCL INFO Using network IB
g3022:3856427:3857017 [0] NCCL INFO NET/IB : Using [0]mlx5_0:1/IB [1]mlx5_1:1/IB [2]mlx5_2:1/IB [3]mlx5_3:1/IB [RO]; OOB ibs10:11.3.5.2<0>
g3022:3856427:3857017 [0] NCCL INFO Using network IB
g3022:3856432:3857014 [5] NCCL INFO NET/IB : Using [0]mlx5_0:1/IB [1]mlx5_1:1/IB [2]mlx5_2:1/IB [3]mlx5_3:1/IB [RO]; OOB ibs10:11.3.5.2<0>
g3022:3856432:3857014 [5] NCCL INFO Using network IB
g3022:3856428:3857010 [1] NCCL INFO NET/IB : Using [0]mlx5_0:1/IB [1]mlx5_1:1/IB [2]mlx5_2:1/IB [3]mlx5_3:1/IB [RO]; OOB ibs10:11.3.5.2<0>
g3022:3856428:3857010 [1] NCCL INFO Using network IB
g3022:3856434:3857011 [7] NCCL INFO NET/IB : Using [0]mlx5_0:1/IB [1]mlx5_1:1/IB [2]mlx5_2:1/IB [3]mlx5_3:1/IB [RO]; OOB ibs10:11.3.5.2<0>
g3022:3856434:3857011 [7] NCCL INFO Using network IB
g3022:3856432:3857014 [5] NCCL INFO comm 0x5626a090 rank 13 nranks 16 cudaDev 5 nvmlDev 5 busId 8f000 commId 0xa06cebc1d4919aff - Init START
g3021:495642:496226 [6] NCCL INFO comm 0x572f43c0 rank 6 nranks 16 cudaDev 6 nvmlDev 6 busId c6000 commId 0xa06cebc1d4919aff - Init START
g3021:495639:496218 [3] NCCL INFO comm 0x59a7e200 rank 3 nranks 16 cudaDev 3 nvmlDev 3 busId 4d000 commId 0xa06cebc1d4919aff - Init START
g3022:3856434:3857011 [7] NCCL INFO comm 0x577fcae0 rank 15 nranks 16 cudaDev 7 nvmlDev 7 busId ca000 commId 0xa06cebc1d4919aff - Init START
g3021:495637:496217 [1] NCCL INFO comm 0x588f22a0 rank 1 nranks 16 cudaDev 1 nvmlDev 1 busId 16000 commId 0xa06cebc1d4919aff - Init START
g3022:3856429:3857013 [2] NCCL INFO comm 0x57147770 rank 10 nranks 16 cudaDev 2 nvmlDev 2 busId 49000 commId 0xa06cebc1d4919aff - Init START
g3021:495636:496215 [0] NCCL INFO comm 0x5992cec0 rank 0 nranks 16 cudaDev 0 nvmlDev 0 busId 10000 commId 0xa06cebc1d4919aff - Init START
g3022:3856430:3857016 [3] NCCL INFO comm 0x587b4a00 rank 11 nranks 16 cudaDev 3 nvmlDev 3 busId 4d000 commId 0xa06cebc1d4919aff - Init START
g3021:495641:496216 [5] NCCL INFO comm 0x57eaffd0 rank 5 nranks 16 cudaDev 5 nvmlDev 5 busId 8f000 commId 0xa06cebc1d4919aff - Init START
g3022:3856431:3857015 [4] NCCL INFO comm 0x579dddd0 rank 12 nranks 16 cudaDev 4 nvmlDev 4 busId 8a000 commId 0xa06cebc1d4919aff - Init START
g3021:495643:496219 [7] NCCL INFO comm 0x58debf80 rank 7 nranks 16 cudaDev 7 nvmlDev 7 busId ca000 commId 0xa06cebc1d4919aff - Init START
g3022:3856433:3857012 [6] NCCL INFO comm 0x58002ea0 rank 14 nranks 16 cudaDev 6 nvmlDev 6 busId c6000 commId 0xa06cebc1d4919aff - Init START
g3021:495640:496221 [4] NCCL INFO comm 0x591937b0 rank 4 nranks 16 cudaDev 4 nvmlDev 4 busId 8a000 commId 0xa06cebc1d4919aff - Init START
g3022:3856427:3857017 [0] NCCL INFO comm 0x56770a10 rank 8 nranks 16 cudaDev 0 nvmlDev 0 busId 10000 commId 0xa06cebc1d4919aff - Init START
g3022:3856428:3857010 [1] NCCL INFO comm 0x56df8b10 rank 9 nranks 16 cudaDev 1 nvmlDev 1 busId 16000 commId 0xa06cebc1d4919aff - Init START
g3021:495638:496220 [2] NCCL INFO comm 0x56e13d80 rank 2 nranks 16 cudaDev 2 nvmlDev 2 busId 49000 commId 0xa06cebc1d4919aff - Init START
g3021:495643:496219 [7] NCCL INFO Setting affinity for GPU 7 to ffffffff,00000000,ffffffff,00000000
g3021:495641:496216 [5] NCCL INFO Setting affinity for GPU 5 to ffffffff,00000000,ffffffff,00000000
g3021:495638:496220 [2] NCCL INFO Setting affinity for GPU 2 to ffffffff,00000000,ffffffff
g3022:3856434:3857011 [7] NCCL INFO Setting affinity for GPU 7 to ffffffff,00000000,ffffffff,00000000
g3022:3856429:3857013 [2] NCCL INFO Setting affinity for GPU 2 to ffffffff,00000000,ffffffff
g3021:495636:496215 [0] NCCL INFO Setting affinity for GPU 0 to ffffffff,00000000,ffffffff
g3022:3856427:3857017 [0] NCCL INFO Setting affinity for GPU 0 to ffffffff,00000000,ffffffff
g3022:3856432:3857014 [5] NCCL INFO Setting affinity for GPU 5 to ffffffff,00000000,ffffffff,00000000
g3022:3856432:3857014 [5] NCCL INFO Trees [0] 14/-1/-1->13->12 [1] 14/-1/-1->13->12 [2] 14/-1/-1->13->12 [3] -1/-1/-1->13->12 [4] 14/-1/-1->13->12 [5] 14/-1/-1->13->12 [6] 14/-1/-1->13->12 [7] -1/-1/-1->13->12
g3022:3856432:3857014 [5] NCCL INFO P2P Chunksize set to 131072
g3021:495636:496215 [0] NCCL INFO Channel 00/08 :    0   7   6   5   4   3   2   1   8  15  14  13  12  11  10   9
g3021:495636:496215 [0] NCCL INFO Channel 01/08 :    0   3  10  15  14  13  12   9   8  11   2   7   6   5   4   1
g3021:495636:496215 [0] NCCL INFO Channel 02/08 :    0   7   6   5  12  11  10   9   8  15  14  13   4   3   2   1
g3021:495636:496215 [0] NCCL INFO Channel 03/08 :    0   5   4   7  14  11  10   9   8  13  12  15   6   3   2   1
g3021:495636:496215 [0] NCCL INFO Channel 04/08 :    0   7   6   5   4   3   2   1   8  15  14  13  12  11  10   9
g3022:3856431:3857015 [4] NCCL INFO Trees [0] 13/-1/-1->12->11 [1] 13/-1/-1->12->11 [2] 13/-1/-1->12->4 [3] 13/-1/-1->12->11 [4] 13/-1/-1->12->11 [5] 13/-1/-1->12->11 [6] 13/4/-1->12->-1 [7] 13/-1/-1->12->11
g3022:3856431:3857015 [4] NCCL INFO P2P Chunksize set to 131072
g3021:495643:496219 [7] NCCL INFO Trees [0] -1/-1/-1->7->6 [1] 0/-1/-1->7->6 [2] 0/-1/-1->7->6 [3] 0/-1/-1->7->6 [4] -1/-1/-1->7->6 [5] 0/-1/-1->7->6 [6] 0/-1/-1->7->6 [7] 0/-1/-1->7->6
g3021:495643:496219 [7] NCCL INFO P2P Chunksize set to 131072
g3022:3856430:3857016 [3] NCCL INFO Trees [0] 12/-1/-1->11->10 [1] 12/-1/-1->11->10 [2] -1/-1/-1->11->10 [3] 12/-1/-1->11->10 [4] 12/-1/-1->11->10 [5] 12/-1/-1->11->10 [6] -1/-1/-1->11->10 [7] 12/-1/-1->11->10
g3022:3856430:3857016 [3] NCCL INFO P2P Chunksize set to 131072
g3021:495642:496226 [6] NCCL INFO Trees [0] 7/-1/-1->6->5 [1] 7/-1/-1->6->5 [2] 7/-1/-1->6->5 [3] 7/14/-1->6->-1 [4] 7/-1/-1->6->5 [5] 7/-1/-1->6->5 [6] 7/-1/-1->6->5 [7] 7/-1/-1->6->14
g3021:495642:496226 [6] NCCL INFO P2P Chunksize set to 131072
g3022:3856433:3857012 [6] NCCL INFO Trees [0] 15/-1/-1->14->13 [1] 15/-1/-1->14->13 [2] 15/-1/-1->14->13 [3] 15/-1/-1->14->6 [4] 15/-1/-1->14->13 [5] 15/-1/-1->14->13 [6] 15/-1/-1->14->13 [7] 15/6/-1->14->-1
g3022:3856433:3857012 [6] NCCL INFO P2P Chunksize set to 131072
g3021:495637:496217 [1] NCCL INFO Trees [0] 2/-1/-1->1->0 [1] -1/-1/-1->1->0 [2] 2/-1/-1->1->0 [3] 2/-1/-1->1->0 [4] 2/-1/-1->1->0 [5] -1/-1/-1->1->0 [6] 2/-1/-1->1->0 [7] 2/-1/-1->1->0
g3021:495637:496217 [1] NCCL INFO P2P Chunksize set to 131072
g3022:3856429:3857013 [2] NCCL INFO Trees [0] 11/-1/-1->10->9 [1] 11/-1/-1->10->2 [2] 11/-1/-1->10->9 [3] 11/-1/-1->10->9 [4] 11/-1/-1->10->9 [5] 11/2/-1->10->-1 [6] 11/-1/-1->10->9 [7] 11/-1/-1->10->9
g3022:3856429:3857013 [2] NCCL INFO P2P Chunksize set to 131072
g3021:495639:496218 [3] NCCL INFO Trees [0] 4/-1/-1->3->2 [1] 4/-1/-1->3->2 [2] -1/-1/-1->3->2 [3] 4/-1/-1->3->2 [4] 4/-1/-1->3->2 [5] 4/-1/-1->3->2 [6] -1/-1/-1->3->2 [7] 4/-1/-1->3->2
g3021:495639:496218 [3] NCCL INFO P2P Chunksize set to 131072
g3022:3856427:3857017 [0] NCCL INFO Trees [0] 9/-1/-1->8->0 [1] 9/-1/-1->8->15 [2] 9/-1/-1->8->15 [3] 9/-1/-1->8->15 [4] 9/0/-1->8->-1 [5] 9/-1/-1->8->15 [6] 9/-1/-1->8->15 [7] 9/-1/-1->8->15
g3022:3856427:3857017 [0] NCCL INFO P2P Chunksize set to 131072
g3021:495640:496221 [4] NCCL INFO Trees [0] 5/-1/-1->4->3 [1] 5/-1/-1->4->3 [2] 5/12/-1->4->-1 [3] 5/-1/-1->4->3 [4] 5/-1/-1->4->3 [5] 5/-1/-1->4->3 [6] 5/-1/-1->4->12 [7] 5/-1/-1->4->3
g3021:495640:496221 [4] NCCL INFO P2P Chunksize set to 131072
g3022:3856428:3857010 [1] NCCL INFO Trees [0] 10/-1/-1->9->8 [1] -1/-1/-1->9->8 [2] 10/-1/-1->9->8 [3] 10/-1/-1->9->8 [4] 10/-1/-1->9->8 [5] -1/-1/-1->9->8 [6] 10/-1/-1->9->8 [7] 10/-1/-1->9->8
g3022:3856428:3857010 [1] NCCL INFO P2P Chunksize set to 131072
g3022:3856434:3857011 [7] NCCL INFO Trees [0] -1/-1/-1->15->14 [1] 8/-1/-1->15->14 [2] 8/-1/-1->15->14 [3] 8/-1/-1->15->14 [4] -1/-1/-1->15->14 [5] 8/-1/-1->15->14 [6] 8/-1/-1->15->14 [7] 8/-1/-1->15->14
g3022:3856434:3857011 [7] NCCL INFO P2P Chunksize set to 131072
g3021:495638:496220 [2] NCCL INFO Trees [0] 3/-1/-1->2->1 [1] 3/10/-1->2->-1 [2] 3/-1/-1->2->1 [3] 3/-1/-1->2->1 [4] 3/-1/-1->2->1 [5] 3/-1/-1->2->10 [6] 3/-1/-1->2->1 [7] 3/-1/-1->2->1
g3021:495638:496220 [2] NCCL INFO P2P Chunksize set to 131072
g3021:495636:496215 [0] NCCL INFO Channel 05/08 :    0   3  10  15  14  13  12   9   8  11   2   7   6   5   4   1
g3021:495636:496215 [0] NCCL INFO Channel 06/08 :    0   7   6   5  12  11  10   9   8  15  14  13   4   3   2   1
g3021:495636:496215 [0] NCCL INFO Channel 07/08 :    0   5   4   7  14  11  10   9   8  13  12  15   6   3   2   1
g3021:495636:496215 [0] NCCL INFO Trees [0] 1/8/-1->0->-1 [1] 1/-1/-1->0->7 [2] 1/-1/-1->0->7 [3] 1/-1/-1->0->7 [4] 1/-1/-1->0->8 [5] 1/-1/-1->0->7 [6] 1/-1/-1->0->7 [7] 1/-1/-1->0->7
g3021:495636:496215 [0] NCCL INFO P2P Chunksize set to 131072
g3021:495641:496216 [5] NCCL INFO Trees [0] 6/-1/-1->5->4 [1] 6/-1/-1->5->4 [2] 6/-1/-1->5->4 [3] -1/-1/-1->5->4 [4] 6/-1/-1->5->4 [5] 6/-1/-1->5->4 [6] 6/-1/-1->5->4 [7] -1/-1/-1->5->4
g3021:495641:496216 [5] NCCL INFO P2P Chunksize set to 131072
g3022:3856431:3857015 [4] NCCL INFO Channel 03/0 : 12[4] -> 15[7] via P2P/IPC/read
g3021:495638:496220 [2] NCCL INFO Channel 01/0 : 2[2] -> 7[7] via P2P/IPC/read
g3022:3856429:3857013 [2] NCCL INFO Channel 01/0 : 10[2] -> 15[7] via P2P/IPC/read
g3021:495636:496215 [0] NCCL INFO Channel 01/0 : 0[0] -> 3[3] via P2P/IPC/read
g3022:3856427:3857017 [0] NCCL INFO Channel 01/0 : 8[0] -> 11[3] via P2P/IPC/read
g3021:495640:496221 [4] NCCL INFO Channel 03/0 : 4[4] -> 7[7] via P2P/IPC/read
g3022:3856431:3857015 [4] NCCL INFO Channel 07/0 : 12[4] -> 15[7] via P2P/IPC/read
g3021:495638:496220 [2] NCCL INFO Channel 05/0 : 2[2] -> 7[7] via P2P/IPC/read
g3022:3856429:3857013 [2] NCCL INFO Channel 05/0 : 10[2] -> 15[7] via P2P/IPC/read
g3021:495636:496215 [0] NCCL INFO Channel 05/0 : 0[0] -> 3[3] via P2P/IPC/read
g3022:3856427:3857017 [0] NCCL INFO Channel 05/0 : 8[0] -> 11[3] via P2P/IPC/read
g3021:495640:496221 [4] NCCL INFO Channel 07/0 : 4[4] -> 7[7] via P2P/IPC/read
g3021:495636:496215 [0] NCCL INFO Channel 03/0 : 0[0] -> 5[5] via P2P/IPC/read
g3022:3856427:3857017 [0] NCCL INFO Channel 03/0 : 8[0] -> 13[5] via P2P/IPC/read
g3021:495636:496215 [0] NCCL INFO Channel 07/0 : 0[0] -> 5[5] via P2P/IPC/read
g3022:3856427:3857017 [0] NCCL INFO Channel 07/0 : 8[0] -> 13[5] via P2P/IPC/read
g3021:495637:496217 [1] NCCL INFO Channel 00/0 : 1[1] -> 8[0] [send] via NET/IB/0/GDRDMA
g3021:495637:496217 [1] NCCL INFO Channel 04/0 : 1[1] -> 8[0] [send] via NET/IB/0/GDRDMA
g3021:495642:496226 [6] NCCL INFO Channel 03/0 : 15[7] -> 6[6] [receive] via NET/IB/3/GDRDMA
g3022:3856428:3857010 [1] NCCL INFO Channel 00/0 : 9[1] -> 0[0] [send] via NET/IB/0/GDRDMA
g3021:495642:496226 [6] NCCL INFO Channel 07/0 : 15[7] -> 6[6] [receive] via NET/IB/3/GDRDMA
g3022:3856433:3857012 [6] NCCL INFO Channel 03/0 : 7[7] -> 14[6] [receive] via NET/IB/3/GDRDMA
g3022:3856428:3857010 [1] NCCL INFO Channel 04/0 : 9[1] -> 0[0] [send] via NET/IB/0/GDRDMA
g3022:3856430:3857016 [3] NCCL INFO Channel 01/0 : 11[3] -> 2[2] [send] via NET/IB/1/GDRDMA
g3022:3856433:3857012 [6] NCCL INFO Channel 07/0 : 7[7] -> 14[6] [receive] via NET/IB/3/GDRDMA
g3022:3856430:3857016 [3] NCCL INFO Channel 05/0 : 11[3] -> 2[2] [send] via NET/IB/1/GDRDMA
g3022:3856431:3857015 [4] NCCL INFO Channel 02/0 : 5[5] -> 12[4] [receive] via NET/IB/2/GDRDMA
g3022:3856431:3857015 [4] NCCL INFO Channel 06/0 : 5[5] -> 12[4] [receive] via NET/IB/2/GDRDMA
g3021:495641:496216 [5] NCCL INFO Channel 02/0 : 5[5] -> 12[4] [send] via NET/IB/2/GDRDMA
g3021:495641:496216 [5] NCCL INFO Channel 06/0 : 5[5] -> 12[4] [send] via NET/IB/2/GDRDMA
g3022:3856431:3857015 [4] NCCL INFO Channel 01/0 : 12[4] -> 9[1] via P2P/IPC/read
g3022:3856427:3857017 [0] NCCL INFO Channel 00/0 : 1[1] -> 8[0] [receive] via NET/IB/0/GDRDMA
g3022:3856427:3857017 [0] NCCL INFO Channel 04/0 : 1[1] -> 8[0] [receive] via NET/IB/0/GDRDMA
g3022:3856427:3857017 [0] NCCL INFO Channel 00/0 : 8[0] -> 15[7] via P2P/IPC/read
g3022:3856431:3857015 [4] NCCL INFO Channel 05/0 : 12[4] -> 9[1] via P2P/IPC/read
g3022:3856434:3857011 [7] NCCL INFO Channel 03/0 : 15[7] -> 6[6] [send] via NET/IB/3/GDRDMA
g3021:495640:496221 [4] NCCL INFO Channel 02/0 : 13[5] -> 4[4] [receive] via NET/IB/2/GDRDMA
g3022:3856427:3857017 [0] NCCL INFO Channel 02/0 : 8[0] -> 15[7] via P2P/IPC/read
g3021:495640:496221 [4] NCCL INFO Channel 06/0 : 13[5] -> 4[4] [receive] via NET/IB/2/GDRDMA
g3022:3856434:3857011 [7] NCCL INFO Channel 07/0 : 15[7] -> 6[6] [send] via NET/IB/3/GDRDMA
g3021:495642:496226 [6] NCCL INFO Channel 03/0 : 6[6] -> 3[3] via P2P/IPC/read
g3022:3856427:3857017 [0] NCCL INFO Channel 04/0 : 8[0] -> 15[7] via P2P/IPC/read
g3022:3856427:3857017 [0] NCCL INFO Channel 06/0 : 8[0] -> 15[7] via P2P/IPC/read
g3022:3856434:3857011 [7] NCCL INFO Channel 00/0 : 15[7] -> 14[6] via P2P/IPC/read
g3022:3856434:3857011 [7] NCCL INFO Channel 01/0 : 15[7] -> 14[6] via P2P/IPC/read
g3021:495639:496218 [3] NCCL INFO Channel 01/0 : 3[3] -> 10[2] [send] via NET/IB/1/GDRDMA
g3021:495639:496218 [3] NCCL INFO Channel 05/0 : 3[3] -> 10[2] [send] via NET/IB/1/GDRDMA
g3022:3856432:3857014 [5] NCCL INFO Channel 02/0 : 13[5] -> 4[4] [send] via NET/IB/2/GDRDMA
g3021:495641:496216 [5] NCCL INFO Channel 00/0 : 5[5] -> 4[4] via P2P/IPC/read
g3022:3856434:3857011 [7] NCCL INFO Channel 02/0 : 15[7] -> 14[6] via P2P/IPC/read
g3021:495642:496226 [6] NCCL INFO Channel 07/0 : 6[6] -> 3[3] via P2P/IPC/read
g3022:3856432:3857014 [5] NCCL INFO Channel 06/0 : 13[5] -> 4[4] [send] via NET/IB/2/GDRDMA
g3021:495641:496216 [5] NCCL INFO Channel 01/0 : 5[5] -> 4[4] via P2P/IPC/read
g3021:495640:496221 [4] NCCL INFO Channel 01/0 : 4[4] -> 1[1] via P2P/IPC/read
g3022:3856434:3857011 [7] NCCL INFO Channel 04/0 : 15[7] -> 14[6] via P2P/IPC/read
g3022:3856429:3857013 [2] NCCL INFO Channel 01/0 : 3[3] -> 10[2] [receive] via NET/IB/1/GDRDMA
g3021:495641:496216 [5] NCCL INFO Channel 03/0 : 5[5] -> 4[4] via P2P/IPC/read
g3021:495638:496220 [2] NCCL INFO Channel 01/0 : 11[3] -> 2[2] [receive] via NET/IB/1/GDRDMA
g3022:3856429:3857013 [2] NCCL INFO Channel 05/0 : 3[3] -> 10[2] [receive] via NET/IB/1/GDRDMA
g3021:495636:496215 [0] NCCL INFO Channel 00/0 : 9[1] -> 0[0] [receive] via NET/IB/0/GDRDMA
g3022:3856434:3857011 [7] NCCL INFO Channel 05/0 : 15[7] -> 14[6] via P2P/IPC/read
g3021:495638:496220 [2] NCCL INFO Channel 05/0 : 11[3] -> 2[2] [receive] via NET/IB/1/GDRDMA
g3021:495640:496221 [4] NCCL INFO Channel 05/0 : 4[4] -> 1[1] via P2P/IPC/read
g3021:495636:496215 [0] NCCL INFO Channel 04/0 : 9[1] -> 0[0] [receive] via NET/IB/0/GDRDMA
g3021:495643:496219 [7] NCCL INFO Channel 03/0 : 7[7] -> 14[6] [send] via NET/IB/3/GDRDMA
g3021:495636:496215 [0] NCCL INFO Channel 00/0 : 0[0] -> 7[7] via P2P/IPC/read
g3021:495641:496216 [5] NCCL INFO Channel 04/0 : 5[5] -> 4[4] via P2P/IPC/read
g3021:495643:496219 [7] NCCL INFO Channel 07/0 : 7[7] -> 14[6] [send] via NET/IB/3/GDRDMA
g3022:3856434:3857011 [7] NCCL INFO Channel 06/0 : 15[7] -> 14[6] via P2P/IPC/read
g3022:3856433:3857012 [6] NCCL INFO Channel 03/0 : 14[6] -> 11[3] via P2P/IPC/read
g3021:495641:496216 [5] NCCL INFO Channel 05/0 : 5[5] -> 4[4] via P2P/IPC/read
g3021:495636:496215 [0] NCCL INFO Channel 02/0 : 0[0] -> 7[7] via P2P/IPC/read
g3022:3856433:3857012 [6] NCCL INFO Channel 07/0 : 14[6] -> 11[3] via P2P/IPC/read
g3022:3856432:3857014 [5] NCCL INFO Channel 00/0 : 13[5] -> 12[4] via P2P/IPC/read
g3021:495641:496216 [5] NCCL INFO Channel 07/0 : 5[5] -> 4[4] via P2P/IPC/read
g3021:495636:496215 [0] NCCL INFO Channel 04/0 : 0[0] -> 7[7] via P2P/IPC/read
g3022:3856432:3857014 [5] NCCL INFO Channel 01/0 : 13[5] -> 12[4] via P2P/IPC/read
g3022:3856429:3857013 [2] NCCL INFO Channel 00/0 : 10[2] -> 9[1] via P2P/IPC/read
g3022:3856432:3857014 [5] NCCL INFO Channel 03/0 : 13[5] -> 12[4] via P2P/IPC/read
g3022:3856429:3857013 [2] NCCL INFO Channel 02/0 : 10[2] -> 9[1] via P2P/IPC/read
g3021:495636:496215 [0] NCCL INFO Channel 06/0 : 0[0] -> 7[7] via P2P/IPC/read
g3022:3856432:3857014 [5] NCCL INFO Channel 04/0 : 13[5] -> 12[4] via P2P/IPC/read
g3022:3856429:3857013 [2] NCCL INFO Channel 03/0 : 10[2] -> 9[1] via P2P/IPC/read
g3022:3856432:3857014 [5] NCCL INFO Channel 05/0 : 13[5] -> 12[4] via P2P/IPC/read
g3022:3856429:3857013 [2] NCCL INFO Channel 04/0 : 10[2] -> 9[1] via P2P/IPC/read
g3021:495643:496219 [7] NCCL INFO Channel 00/0 : 7[7] -> 6[6] via P2P/IPC/read
g3022:3856430:3857016 [3] NCCL INFO Channel 00/0 : 11[3] -> 10[2] via P2P/IPC/read
g3021:495638:496220 [2] NCCL INFO Channel 00/0 : 2[2] -> 1[1] via P2P/IPC/read
g3022:3856432:3857014 [5] NCCL INFO Channel 07/0 : 13[5] -> 12[4] via P2P/IPC/read
g3022:3856429:3857013 [2] NCCL INFO Channel 06/0 : 10[2] -> 9[1] via P2P/IPC/read
g3021:495639:496218 [3] NCCL INFO Channel 00/0 : 3[3] -> 2[2] via P2P/IPC/read
g3022:3856430:3857016 [3] NCCL INFO Channel 02/0 : 11[3] -> 10[2] via P2P/IPC/read
g3022:3856433:3857012 [6] NCCL INFO Channel 00/0 : 14[6] -> 13[5] via P2P/IPC/read
g3021:495638:496220 [2] NCCL INFO Channel 02/0 : 2[2] -> 1[1] via P2P/IPC/read
g3022:3856429:3857013 [2] NCCL INFO Channel 07/0 : 10[2] -> 9[1] via P2P/IPC/read
g3022:3856433:3857012 [6] NCCL INFO Channel 01/0 : 14[6] -> 13[5] via P2P/IPC/read
g3021:495637:496217 [1] NCCL INFO Channel 01/0 : 1[1] -> 0[0] via P2P/IPC/read
g3021:495640:496221 [4] NCCL INFO Channel 00/0 : 4[4] -> 3[3] via P2P/IPC/read
g3022:3856430:3857016 [3] NCCL INFO Channel 03/0 : 11[3] -> 10[2] via P2P/IPC/read
g3021:495639:496218 [3] NCCL INFO Channel 02/0 : 3[3] -> 2[2] via P2P/IPC/read
g3022:3856433:3857012 [6] NCCL INFO Channel 02/0 : 14[6] -> 13[5] via P2P/IPC/read
g3021:495638:496220 [2] NCCL INFO Channel 03/0 : 2[2] -> 1[1] via P2P/IPC/read
g3021:495637:496217 [1] NCCL INFO Channel 02/0 : 1[1] -> 0[0] via P2P/IPC/read
g3022:3856430:3857016 [3] NCCL INFO Channel 04/0 : 11[3] -> 10[2] via P2P/IPC/read
g3022:3856433:3857012 [6] NCCL INFO Channel 04/0 : 14[6] -> 13[5] via P2P/IPC/read
g3021:495640:496221 [4] NCCL INFO Channel 02/0 : 4[4] -> 3[3] via P2P/IPC/read
g3021:495642:496226 [6] NCCL INFO Channel 00/0 : 6[6] -> 5[5] via P2P/IPC/read
g3022:3856430:3857016 [3] NCCL INFO Channel 06/0 : 11[3] -> 10[2] via P2P/IPC/read
g3021:495639:496218 [3] NCCL INFO Channel 03/0 : 3[3] -> 2[2] via P2P/IPC/read
g3021:495638:496220 [2] NCCL INFO Channel 04/0 : 2[2] -> 1[1] via P2P/IPC/read
g3022:3856433:3857012 [6] NCCL INFO Channel 05/0 : 14[6] -> 13[5] via P2P/IPC/read
g3021:495637:496217 [1] NCCL INFO Channel 03/0 : 1[1] -> 0[0] via P2P/IPC/read
g3021:495640:496221 [4] NCCL INFO Channel 04/0 : 4[4] -> 3[3] via P2P/IPC/read
g3022:3856430:3857016 [3] NCCL INFO Channel 07/0 : 11[3] -> 10[2] via P2P/IPC/read
g3021:495639:496218 [3] NCCL INFO Channel 04/0 : 3[3] -> 2[2] via P2P/IPC/read
g3022:3856433:3857012 [6] NCCL INFO Channel 06/0 : 14[6] -> 13[5] via P2P/IPC/read
g3021:495638:496220 [2] NCCL INFO Channel 06/0 : 2[2] -> 1[1] via P2P/IPC/read
g3021:495642:496226 [6] NCCL INFO Channel 01/0 : 6[6] -> 5[5] via P2P/IPC/read
g3021:495637:496217 [1] NCCL INFO Channel 05/0 : 1[1] -> 0[0] via P2P/IPC/read
g3021:495640:496221 [4] NCCL INFO Channel 06/0 : 4[4] -> 3[3] via P2P/IPC/read
g3021:495639:496218 [3] NCCL INFO Channel 06/0 : 3[3] -> 2[2] via P2P/IPC/read
g3021:495642:496226 [6] NCCL INFO Channel 02/0 : 6[6] -> 5[5] via P2P/IPC/read
g3021:495638:496220 [2] NCCL INFO Channel 07/0 : 2[2] -> 1[1] via P2P/IPC/read
g3021:495637:496217 [1] NCCL INFO Channel 06/0 : 1[1] -> 0[0] via P2P/IPC/read
g3021:495639:496218 [3] NCCL INFO Channel 07/0 : 3[3] -> 2[2] via P2P/IPC/read
g3021:495642:496226 [6] NCCL INFO Channel 04/0 : 6[6] -> 5[5] via P2P/IPC/read
g3021:495637:496217 [1] NCCL INFO Channel 07/0 : 1[1] -> 0[0] via P2P/IPC/read
g3021:495642:496226 [6] NCCL INFO Channel 05/0 : 6[6] -> 5[5] via P2P/IPC/read
g3021:495643:496219 [7] NCCL INFO Channel 01/0 : 7[7] -> 6[6] via P2P/IPC/read
g3022:3856431:3857015 [4] NCCL INFO Channel 00/0 : 12[4] -> 11[3] via P2P/IPC/read
g3021:495642:496226 [6] NCCL INFO Channel 06/0 : 6[6] -> 5[5] via P2P/IPC/read
g3022:3856428:3857010 [1] NCCL INFO Channel 01/0 : 9[1] -> 8[0] via P2P/IPC/read
g3022:3856431:3857015 [4] NCCL INFO Channel 02/0 : 12[4] -> 11[3] via P2P/IPC/read
g3022:3856428:3857010 [1] NCCL INFO Channel 02/0 : 9[1] -> 8[0] via P2P/IPC/read
g3022:3856428:3857010 [1] NCCL INFO Channel 03/0 : 9[1] -> 8[0] via P2P/IPC/read
g3022:3856431:3857015 [4] NCCL INFO Channel 04/0 : 12[4] -> 11[3] via P2P/IPC/read
g3022:3856428:3857010 [1] NCCL INFO Channel 05/0 : 9[1] -> 8[0] via P2P/IPC/read
g3022:3856431:3857015 [4] NCCL INFO Channel 06/0 : 12[4] -> 11[3] via P2P/IPC/read
g3021:495643:496219 [7] NCCL INFO Channel 02/0 : 7[7] -> 6[6] via P2P/IPC/read
g3022:3856428:3857010 [1] NCCL INFO Channel 06/0 : 9[1] -> 8[0] via P2P/IPC/read
g3021:495643:496219 [7] NCCL INFO Channel 04/0 : 7[7] -> 6[6] via P2P/IPC/read
g3021:495643:496219 [7] NCCL INFO Channel 05/0 : 7[7] -> 6[6] via P2P/IPC/read
g3021:495643:496219 [7] NCCL INFO Channel 06/0 : 7[7] -> 6[6] via P2P/IPC/read
g3022:3856428:3857010 [1] NCCL INFO Channel 07/0 : 9[1] -> 8[0] via P2P/IPC/read
g3021:495641:496216 [5] NCCL INFO Connected all rings
g3022:3856434:3857011 [7] NCCL INFO Connected all rings
g3021:495639:496218 [3] NCCL INFO Connected all rings
g3021:495641:496216 [5] NCCL INFO Channel 00/0 : 5[5] -> 6[6] via P2P/IPC/read
g3021:495641:496216 [5] NCCL INFO Channel 01/0 : 5[5] -> 6[6] via P2P/IPC/read
g3021:495641:496216 [5] NCCL INFO Channel 02/0 : 5[5] -> 6[6] via P2P/IPC/read
g3021:495642:496226 [6] NCCL INFO Connected all rings
g3021:495640:496221 [4] NCCL INFO Connected all rings
g3021:495641:496216 [5] NCCL INFO Channel 04/0 : 5[5] -> 6[6] via P2P/IPC/read
g3021:495641:496216 [5] NCCL INFO Channel 05/0 : 5[5] -> 6[6] via P2P/IPC/read
g3021:495639:496218 [3] NCCL INFO Channel 00/0 : 3[3] -> 4[4] via P2P/IPC/read
g3021:495639:496218 [3] NCCL INFO Channel 01/0 : 3[3] -> 4[4] via P2P/IPC/read
g3021:495641:496216 [5] NCCL INFO Channel 06/0 : 5[5] -> 6[6] via P2P/IPC/read
g3021:495638:496220 [2] NCCL INFO Connected all rings
g3021:495639:496218 [3] NCCL INFO Channel 03/0 : 3[3] -> 4[4] via P2P/IPC/read
g3021:495639:496218 [3] NCCL INFO Channel 04/0 : 3[3] -> 4[4] via P2P/IPC/read
g3021:495639:496218 [3] NCCL INFO Channel 05/0 : 3[3] -> 4[4] via P2P/IPC/read
g3021:495642:496226 [6] NCCL INFO Channel 00/0 : 6[6] -> 7[7] via P2P/IPC/read
g3021:495639:496218 [3] NCCL INFO Channel 07/0 : 3[3] -> 4[4] via P2P/IPC/read
g3021:495642:496226 [6] NCCL INFO Channel 01/0 : 6[6] -> 7[7] via P2P/IPC/read
g3021:495640:496221 [4] NCCL INFO Channel 00/0 : 4[4] -> 5[5] via P2P/IPC/read
g3021:495642:496226 [6] NCCL INFO Channel 02/0 : 6[6] -> 7[7] via P2P/IPC/read
g3021:495640:496221 [4] NCCL INFO Channel 01/0 : 4[4] -> 5[5] via P2P/IPC/read
g3021:495638:496220 [2] NCCL INFO Channel 00/0 : 2[2] -> 3[3] via P2P/IPC/read
g3021:495642:496226 [6] NCCL INFO Channel 03/0 : 6[6] -> 7[7] via P2P/IPC/read
g3021:495638:496220 [2] NCCL INFO Channel 01/0 : 2[2] -> 3[3] via P2P/IPC/read
g3021:495640:496221 [4] NCCL INFO Channel 02/0 : 4[4] -> 5[5] via P2P/IPC/read
g3021:495638:496220 [2] NCCL INFO Channel 02/0 : 2[2] -> 3[3] via P2P/IPC/read
g3021:495637:496217 [1] NCCL INFO Connected all rings
g3021:495642:496226 [6] NCCL INFO Channel 04/0 : 6[6] -> 7[7] via P2P/IPC/read
g3021:495638:496220 [2] NCCL INFO Channel 03/0 : 2[2] -> 3[3] via P2P/IPC/read
g3021:495640:496221 [4] NCCL INFO Channel 03/0 : 4[4] -> 5[5] via P2P/IPC/read
g3021:495638:496220 [2] NCCL INFO Channel 04/0 : 2[2] -> 3[3] via P2P/IPC/read
g3021:495642:496226 [6] NCCL INFO Channel 05/0 : 6[6] -> 7[7] via P2P/IPC/read
g3021:495640:496221 [4] NCCL INFO Channel 04/0 : 4[4] -> 5[5] via P2P/IPC/read
g3021:495638:496220 [2] NCCL INFO Channel 05/0 : 2[2] -> 3[3] via P2P/IPC/read
g3021:495642:496226 [6] NCCL INFO Channel 06/0 : 6[6] -> 7[7] via P2P/IPC/read
g3021:495640:496221 [4] NCCL INFO Channel 05/0 : 4[4] -> 5[5] via P2P/IPC/read
g3021:495642:496226 [6] NCCL INFO Channel 07/0 : 6[6] -> 7[7] via P2P/IPC/read
g3021:495640:496221 [4] NCCL INFO Channel 06/0 : 4[4] -> 5[5] via P2P/IPC/read
g3021:495638:496220 [2] NCCL INFO Channel 06/0 : 2[2] -> 3[3] via P2P/IPC/read
g3021:495640:496221 [4] NCCL INFO Channel 07/0 : 4[4] -> 5[5] via P2P/IPC/read
g3021:495638:496220 [2] NCCL INFO Channel 07/0 : 2[2] -> 3[3] via P2P/IPC/read
g3021:495636:496215 [0] NCCL INFO Connected all rings
g3021:495636:496215 [0] NCCL INFO Channel 00/0 : 0[0] -> 1[1] via P2P/IPC/read
g3022:3856430:3857016 [3] NCCL INFO Connected all rings
g3021:495641:496216 [5] NCCL INFO Channel 02/0 : 5[5] -> 4[4] via P2P/IPC/read
g3021:495640:496221 [4] NCCL INFO Channel 02/0 : 12[4] -> 4[4] [receive] via NET/IB/2/GDRDMA
g3021:495640:496221 [4] NCCL INFO Channel 06/0 : 12[4] -> 4[4] [receive] via NET/IB/2/GDRDMA
g3021:495640:496221 [4] NCCL INFO Channel 02/0 : 4[4] -> 12[4] [send] via NET/IB/2/GDRDMA
g3021:495640:496221 [4] NCCL INFO Channel 06/0 : 4[4] -> 12[4] [send] via NET/IB/2/GDRDMA
g3021:495636:496215 [0] NCCL INFO Channel 01/0 : 0[0] -> 1[1] via P2P/IPC/read
g3021:495641:496216 [5] NCCL INFO Channel 06/0 : 5[5] -> 4[4] via P2P/IPC/read
g3021:495636:496215 [0] NCCL INFO Channel 02/0 : 0[0] -> 1[1] via P2P/IPC/read
g3021:495636:496215 [0] NCCL INFO Channel 03/0 : 0[0] -> 1[1] via P2P/IPC/read
g3021:495637:496217 [1] NCCL INFO Channel 00/0 : 1[1] -> 2[2] via P2P/IPC/read
g3021:495636:496215 [0] NCCL INFO Channel 04/0 : 0[0] -> 1[1] via P2P/IPC/read
g3021:495639:496218 [3] NCCL INFO Channel 01/0 : 3[3] -> 2[2] via P2P/IPC/read
g3021:495637:496217 [1] NCCL INFO Channel 02/0 : 1[1] -> 2[2] via P2P/IPC/read
g3021:495636:496215 [0] NCCL INFO Channel 05/0 : 0[0] -> 1[1] via P2P/IPC/read
g3021:495636:496215 [0] NCCL INFO Channel 06/0 : 0[0] -> 1[1] via P2P/IPC/read
g3021:495639:496218 [3] NCCL INFO Channel 05/0 : 3[3] -> 2[2] via P2P/IPC/read
g3021:495637:496217 [1] NCCL INFO Channel 03/0 : 1[1] -> 2[2] via P2P/IPC/read
g3021:495636:496215 [0] NCCL INFO Channel 07/0 : 0[0] -> 1[1] via P2P/IPC/read
g3022:3856432:3857014 [5] NCCL INFO Connected all rings
g3021:495637:496217 [1] NCCL INFO Channel 04/0 : 1[1] -> 2[2] via P2P/IPC/read
g3021:495637:496217 [1] NCCL INFO Channel 06/0 : 1[1] -> 2[2] via P2P/IPC/read
g3021:495637:496217 [1] NCCL INFO Channel 07/0 : 1[1] -> 2[2] via P2P/IPC/read
g3021:495636:496215 [0] NCCL INFO Channel 01/0 : 0[0] -> 7[7] via P2P/IPC/read
g3021:495637:496217 [1] NCCL INFO Channel 00/0 : 1[1] -> 0[0] via P2P/IPC/read
g3021:495636:496215 [0] NCCL INFO Channel 03/0 : 0[0] -> 7[7] via P2P/IPC/read
g3021:495638:496220 [2] NCCL INFO Channel 01/0 : 10[2] -> 2[2] [receive] via NET/IB/1/GDRDMA
g3021:495637:496217 [1] NCCL INFO Channel 04/0 : 1[1] -> 0[0] via P2P/IPC/read
g3021:495636:496215 [0] NCCL INFO Channel 05/0 : 0[0] -> 7[7] via P2P/IPC/read
g3021:495638:496220 [2] NCCL INFO Channel 05/0 : 10[2] -> 2[2] [receive] via NET/IB/1/GDRDMA
g3021:495638:496220 [2] NCCL INFO Channel 01/0 : 2[2] -> 10[2] [send] via NET/IB/1/GDRDMA
g3021:495638:496220 [2] NCCL INFO Channel 05/0 : 2[2] -> 10[2] [send] via NET/IB/1/GDRDMA
g3021:495636:496215 [0] NCCL INFO Channel 07/0 : 0[0] -> 7[7] via P2P/IPC/read
g3022:3856428:3857010 [1] NCCL INFO Connected all rings
g3022:3856431:3857015 [4] NCCL INFO Connected all rings
g3021:495643:496219 [7] NCCL INFO Connected all rings
g3021:495642:496226 [6] NCCL INFO Channel 03/0 : 14[6] -> 6[6] [receive] via NET/IB/3/GDRDMA
g3021:495642:496226 [6] NCCL INFO Channel 07/0 : 14[6] -> 6[6] [receive] via NET/IB/3/GDRDMA
g3021:495642:496226 [6] NCCL INFO Channel 03/0 : 6[6] -> 14[6] [send] via NET/IB/3/GDRDMA
g3022:3856432:3857014 [5] NCCL INFO Channel 00/0 : 13[5] -> 14[6] via P2P/IPC/read
g3021:495642:496226 [6] NCCL INFO Channel 07/0 : 6[6] -> 14[6] [send] via NET/IB/3/GDRDMA
g3021:495643:496219 [7] NCCL INFO Channel 01/0 : 7[7] -> 0[0] via P2P/IPC/read
g3021:495636:496215 [0] NCCL INFO Channel 00/0 : 8[0] -> 0[0] [receive] via NET/IB/0/GDRDMA
g3021:495636:496215 [0] NCCL INFO Channel 04/0 : 8[0] -> 0[0] [receive] via NET/IB/0/GDRDMA
g3021:495643:496219 [7] NCCL INFO Channel 02/0 : 7[7] -> 0[0] via P2P/IPC/read
g3021:495636:496215 [0] NCCL INFO Channel 00/0 : 0[0] -> 8[0] [send] via NET/IB/0/GDRDMA
g3022:3856429:3857013 [2] NCCL INFO Connected all rings
g3021:495636:496215 [0] NCCL INFO Channel 04/0 : 0[0] -> 8[0] [send] via NET/IB/0/GDRDMA
g3021:495643:496219 [7] NCCL INFO Channel 03/0 : 7[7] -> 0[0] via P2P/IPC/read
g3021:495643:496219 [7] NCCL INFO Channel 05/0 : 7[7] -> 0[0] via P2P/IPC/read
g3021:495643:496219 [7] NCCL INFO Channel 06/0 : 7[7] -> 0[0] via P2P/IPC/read
g3021:495643:496219 [7] NCCL INFO Channel 07/0 : 7[7] -> 0[0] via P2P/IPC/read
g3022:3856432:3857014 [5] NCCL INFO Channel 01/0 : 13[5] -> 14[6] via P2P/IPC/read
g3022:3856427:3857017 [0] NCCL INFO Connected all rings
g3022:3856427:3857017 [0] NCCL INFO Channel 00/0 : 8[0] -> 9[1] via P2P/IPC/read
g3022:3856432:3857014 [5] NCCL INFO Channel 02/0 : 13[5] -> 14[6] via P2P/IPC/read
g3022:3856427:3857017 [0] NCCL INFO Channel 01/0 : 8[0] -> 9[1] via P2P/IPC/read
g3022:3856433:3857012 [6] NCCL INFO Connected all rings
g3022:3856428:3857010 [1] NCCL INFO Channel 00/0 : 9[1] -> 10[2] via P2P/IPC/read
g3022:3856431:3857015 [4] NCCL INFO Channel 00/0 : 12[4] -> 13[5] via P2P/IPC/read
g3022:3856432:3857014 [5] NCCL INFO Channel 04/0 : 13[5] -> 14[6] via P2P/IPC/read
g3022:3856428:3857010 [1] NCCL INFO Channel 02/0 : 9[1] -> 10[2] via P2P/IPC/read
g3022:3856431:3857015 [4] NCCL INFO Channel 01/0 : 12[4] -> 13[5] via P2P/IPC/read
g3022:3856427:3857017 [0] NCCL INFO Channel 02/0 : 8[0] -> 9[1] via P2P/IPC/read
g3022:3856432:3857014 [5] NCCL INFO Channel 05/0 : 13[5] -> 14[6] via P2P/IPC/read
g3022:3856428:3857010 [1] NCCL INFO Channel 03/0 : 9[1] -> 10[2] via P2P/IPC/read
g3022:3856431:3857015 [4] NCCL INFO Channel 02/0 : 12[4] -> 13[5] via P2P/IPC/read
g3022:3856427:3857017 [0] NCCL INFO Channel 03/0 : 8[0] -> 9[1] via P2P/IPC/read
g3022:3856432:3857014 [5] NCCL INFO Channel 06/0 : 13[5] -> 14[6] via P2P/IPC/read
g3022:3856428:3857010 [1] NCCL INFO Channel 04/0 : 9[1] -> 10[2] via P2P/IPC/read
g3022:3856431:3857015 [4] NCCL INFO Channel 03/0 : 12[4] -> 13[5] via P2P/IPC/read
g3022:3856427:3857017 [0] NCCL INFO Channel 04/0 : 8[0] -> 9[1] via P2P/IPC/read
g3022:3856428:3857010 [1] NCCL INFO Channel 06/0 : 9[1] -> 10[2] via P2P/IPC/read
g3022:3856429:3857013 [2] NCCL INFO Channel 00/0 : 10[2] -> 11[3] via P2P/IPC/read
g3022:3856430:3857016 [3] NCCL INFO Channel 00/0 : 11[3] -> 12[4] via P2P/IPC/read
g3022:3856431:3857015 [4] NCCL INFO Channel 04/0 : 12[4] -> 13[5] via P2P/IPC/read
g3022:3856429:3857013 [2] NCCL INFO Channel 01/0 : 10[2] -> 11[3] via P2P/IPC/read
g3022:3856428:3857010 [1] NCCL INFO Channel 07/0 : 9[1] -> 10[2] via P2P/IPC/read
g3022:3856431:3857015 [4] NCCL INFO Channel 05/0 : 12[4] -> 13[5] via P2P/IPC/read
g3022:3856430:3857016 [3] NCCL INFO Channel 01/0 : 11[3] -> 12[4] via P2P/IPC/read
g3022:3856427:3857017 [0] NCCL INFO Channel 05/0 : 8[0] -> 9[1] via P2P/IPC/read
g3022:3856429:3857013 [2] NCCL INFO Channel 02/0 : 10[2] -> 11[3] via P2P/IPC/read
g3022:3856431:3857015 [4] NCCL INFO Channel 06/0 : 12[4] -> 13[5] via P2P/IPC/read
g3022:3856433:3857012 [6] NCCL INFO Channel 00/0 : 14[6] -> 15[7] via P2P/IPC/read
g3022:3856430:3857016 [3] NCCL INFO Channel 03/0 : 11[3] -> 12[4] via P2P/IPC/read
g3022:3856429:3857013 [2] NCCL INFO Channel 03/0 : 10[2] -> 11[3] via P2P/IPC/read
g3022:3856427:3857017 [0] NCCL INFO Channel 06/0 : 8[0] -> 9[1] via P2P/IPC/read
g3022:3856431:3857015 [4] NCCL INFO Channel 07/0 : 12[4] -> 13[5] via P2P/IPC/read
g3022:3856433:3857012 [6] NCCL INFO Channel 01/0 : 14[6] -> 15[7] via P2P/IPC/read
g3022:3856430:3857016 [3] NCCL INFO Channel 04/0 : 11[3] -> 12[4] via P2P/IPC/read
g3022:3856429:3857013 [2] NCCL INFO Channel 04/0 : 10[2] -> 11[3] via P2P/IPC/read
g3022:3856427:3857017 [0] NCCL INFO Channel 07/0 : 8[0] -> 9[1] via P2P/IPC/read
g3022:3856433:3857012 [6] NCCL INFO Channel 02/0 : 14[6] -> 15[7] via P2P/IPC/read
g3022:3856430:3857016 [3] NCCL INFO Channel 05/0 : 11[3] -> 12[4] via P2P/IPC/read
g3022:3856429:3857013 [2] NCCL INFO Channel 05/0 : 10[2] -> 11[3] via P2P/IPC/read
g3022:3856427:3857017 [0] NCCL INFO Channel 01/0 : 8[0] -> 15[7] via P2P/IPC/read
g3022:3856433:3857012 [6] NCCL INFO Channel 03/0 : 14[6] -> 15[7] via P2P/IPC/read
g3022:3856429:3857013 [2] NCCL INFO Channel 06/0 : 10[2] -> 11[3] via P2P/IPC/read
g3022:3856430:3857016 [3] NCCL INFO Channel 07/0 : 11[3] -> 12[4] via P2P/IPC/read
g3022:3856427:3857017 [0] NCCL INFO Channel 03/0 : 8[0] -> 15[7] via P2P/IPC/read
g3022:3856433:3857012 [6] NCCL INFO Channel 04/0 : 14[6] -> 15[7] via P2P/IPC/read
g3022:3856429:3857013 [2] NCCL INFO Channel 07/0 : 10[2] -> 11[3] via P2P/IPC/read
g3022:3856427:3857017 [0] NCCL INFO Channel 05/0 : 8[0] -> 15[7] via P2P/IPC/read
g3022:3856433:3857012 [6] NCCL INFO Channel 05/0 : 14[6] -> 15[7] via P2P/IPC/read
g3022:3856431:3857015 [4] NCCL INFO Channel 02/0 : 4[4] -> 12[4] [receive] via NET/IB/2/GDRDMA
g3022:3856431:3857015 [4] NCCL INFO Channel 06/0 : 4[4] -> 12[4] [receive] via NET/IB/2/GDRDMA
g3022:3856431:3857015 [4] NCCL INFO Channel 02/0 : 12[4] -> 4[4] [send] via NET/IB/2/GDRDMA
g3022:3856428:3857010 [1] NCCL INFO Channel 00/0 : 9[1] -> 8[0] via P2P/IPC/read
g3022:3856431:3857015 [4] NCCL INFO Channel 06/0 : 12[4] -> 4[4] [send] via NET/IB/2/GDRDMA
g3022:3856427:3857017 [0] NCCL INFO Channel 07/0 : 8[0] -> 15[7] via P2P/IPC/read
g3022:3856433:3857012 [6] NCCL INFO Channel 06/0 : 14[6] -> 15[7] via P2P/IPC/read
g3022:3856429:3857013 [2] NCCL INFO Channel 01/0 : 2[2] -> 10[2] [receive] via NET/IB/1/GDRDMA
g3022:3856429:3857013 [2] NCCL INFO Channel 05/0 : 2[2] -> 10[2] [receive] via NET/IB/1/GDRDMA
g3022:3856429:3857013 [2] NCCL INFO Channel 01/0 : 10[2] -> 2[2] [send] via NET/IB/1/GDRDMA
g3022:3856429:3857013 [2] NCCL INFO Channel 05/0 : 10[2] -> 2[2] [send] via NET/IB/1/GDRDMA
g3022:3856428:3857010 [1] NCCL INFO Channel 04/0 : 9[1] -> 8[0] via P2P/IPC/read
g3022:3856433:3857012 [6] NCCL INFO Channel 07/0 : 14[6] -> 15[7] via P2P/IPC/read
g3021:495640:496221 [4] NCCL INFO Channel 01/0 : 4[4] -> 3[3] via P2P/IPC/read
g3022:3856431:3857015 [4] NCCL INFO Channel 01/0 : 12[4] -> 11[3] via P2P/IPC/read
g3022:3856432:3857014 [5] NCCL INFO Channel 02/0 : 13[5] -> 12[4] via P2P/IPC/read
g3021:495640:496221 [4] NCCL INFO Channel 03/0 : 4[4] -> 3[3] via P2P/IPC/read
g3022:3856431:3857015 [4] NCCL INFO Channel 03/0 : 12[4] -> 11[3] via P2P/IPC/read
g3022:3856433:3857012 [6] NCCL INFO Channel 03/0 : 6[6] -> 14[6] [receive] via NET/IB/3/GDRDMA
g3022:3856433:3857012 [6] NCCL INFO Channel 07/0 : 6[6] -> 14[6] [receive] via NET/IB/3/GDRDMA
g3022:3856433:3857012 [6] NCCL INFO Channel 03/0 : 14[6] -> 6[6] [send] via NET/IB/3/GDRDMA
g3022:3856433:3857012 [6] NCCL INFO Channel 07/0 : 14[6] -> 6[6] [send] via NET/IB/3/GDRDMA
g3022:3856431:3857015 [4] NCCL INFO Channel 05/0 : 12[4] -> 11[3] via P2P/IPC/read
g3022:3856432:3857014 [5] NCCL INFO Channel 06/0 : 13[5] -> 12[4] via P2P/IPC/read
g3022:3856430:3857016 [3] NCCL INFO Channel 01/0 : 11[3] -> 10[2] via P2P/IPC/read
g3021:495640:496221 [4] NCCL INFO Channel 05/0 : 4[4] -> 3[3] via P2P/IPC/read
g3022:3856431:3857015 [4] NCCL INFO Channel 07/0 : 12[4] -> 11[3] via P2P/IPC/read
g3022:3856430:3857016 [3] NCCL INFO Channel 05/0 : 11[3] -> 10[2] via P2P/IPC/read
g3021:495640:496221 [4] NCCL INFO Channel 07/0 : 4[4] -> 3[3] via P2P/IPC/read
g3022:3856434:3857011 [7] NCCL INFO Channel 01/0 : 15[7] -> 8[0] via P2P/IPC/read
g3022:3856427:3857017 [0] NCCL INFO Channel 00/0 : 0[0] -> 8[0] [receive] via NET/IB/0/GDRDMA
g3022:3856427:3857017 [0] NCCL INFO Channel 04/0 : 0[0] -> 8[0] [receive] via NET/IB/0/GDRDMA
g3022:3856427:3857017 [0] NCCL INFO Channel 00/0 : 8[0] -> 0[0] [send] via NET/IB/0/GDRDMA
g3022:3856427:3857017 [0] NCCL INFO Channel 04/0 : 8[0] -> 0[0] [send] via NET/IB/0/GDRDMA
g3022:3856434:3857011 [7] NCCL INFO Channel 02/0 : 15[7] -> 8[0] via P2P/IPC/read
g3022:3856434:3857011 [7] NCCL INFO Channel 03/0 : 15[7] -> 8[0] via P2P/IPC/read
g3022:3856434:3857011 [7] NCCL INFO Channel 05/0 : 15[7] -> 8[0] via P2P/IPC/read
g3022:3856434:3857011 [7] NCCL INFO Channel 06/0 : 15[7] -> 8[0] via P2P/IPC/read
g3022:3856434:3857011 [7] NCCL INFO Channel 07/0 : 15[7] -> 8[0] via P2P/IPC/read
g3022:3856432:3857014 [5] NCCL INFO Connected all trees
g3022:3856432:3857014 [5] NCCL INFO threadThresholds 8/8/64 | 128/8/64 | 512 | 512
g3022:3856432:3857014 [5] NCCL INFO 8 coll channels, 0 nvls channels, 8 p2p channels, 2 p2p channels per peer
g3021:495641:496216 [5] NCCL INFO Connected all trees
g3021:495641:496216 [5] NCCL INFO threadThresholds 8/8/64 | 128/8/64 | 512 | 512
g3021:495641:496216 [5] NCCL INFO 8 coll channels, 0 nvls channels, 8 p2p channels, 2 p2p channels per peer
g3022:3856434:3857011 [7] NCCL INFO Channel 03/0 : 15[7] -> 14[6] via P2P/IPC/read
g3021:495639:496218 [3] NCCL INFO Connected all trees
g3021:495639:496218 [3] NCCL INFO threadThresholds 8/8/64 | 128/8/64 | 512 | 512
g3021:495639:496218 [3] NCCL INFO 8 coll channels, 0 nvls channels, 8 p2p channels, 2 p2p channels per peer
g3022:3856434:3857011 [7] NCCL INFO Channel 07/0 : 15[7] -> 14[6] via P2P/IPC/read
g3021:495643:496219 [7] NCCL INFO Channel 03/0 : 7[7] -> 6[6] via P2P/IPC/read
g3021:495643:496219 [7] NCCL INFO Channel 07/0 : 7[7] -> 6[6] via P2P/IPC/read
g3022:3856430:3857016 [3] NCCL INFO Connected all trees
g3022:3856430:3857016 [3] NCCL INFO threadThresholds 8/8/64 | 128/8/64 | 512 | 512
g3022:3856430:3857016 [3] NCCL INFO 8 coll channels, 0 nvls channels, 8 p2p channels, 2 p2p channels per peer
g3022:3856434:3857011 [7] NCCL INFO Connected all trees
g3022:3856434:3857011 [7] NCCL INFO threadThresholds 8/8/64 | 128/8/64 | 512 | 512
g3022:3856434:3857011 [7] NCCL INFO 8 coll channels, 0 nvls channels, 8 p2p channels, 2 p2p channels per peer
g3021:495637:496217 [1] NCCL INFO Connected all trees
g3021:495637:496217 [1] NCCL INFO threadThresholds 8/8/64 | 128/8/64 | 512 | 512
g3021:495637:496217 [1] NCCL INFO 8 coll channels, 0 nvls channels, 8 p2p channels, 2 p2p channels per peer
g3022:3856428:3857010 [1] NCCL INFO Connected all trees
g3022:3856428:3857010 [1] NCCL INFO threadThresholds 8/8/64 | 128/8/64 | 512 | 512
g3022:3856428:3857010 [1] NCCL INFO 8 coll channels, 0 nvls channels, 8 p2p channels, 2 p2p channels per peer
g3022:3856429:3857013 [2] NCCL INFO Connected all trees
g3022:3856429:3857013 [2] NCCL INFO threadThresholds 8/8/64 | 128/8/64 | 512 | 512
g3022:3856429:3857013 [2] NCCL INFO 8 coll channels, 0 nvls channels, 8 p2p channels, 2 p2p channels per peer
g3022:3856431:3857015 [4] NCCL INFO Connected all trees
g3022:3856431:3857015 [4] NCCL INFO threadThresholds 8/8/64 | 128/8/64 | 512 | 512
g3022:3856431:3857015 [4] NCCL INFO 8 coll channels, 0 nvls channels, 8 p2p channels, 2 p2p channels per peer
g3021:495643:496219 [7] NCCL INFO Connected all trees
g3021:495643:496219 [7] NCCL INFO threadThresholds 8/8/64 | 128/8/64 | 512 | 512
g3021:495643:496219 [7] NCCL INFO 8 coll channels, 0 nvls channels, 8 p2p channels, 2 p2p channels per peer
g3021:495638:496220 [2] NCCL INFO Connected all trees
g3021:495638:496220 [2] NCCL INFO threadThresholds 8/8/64 | 128/8/64 | 512 | 512
g3021:495638:496220 [2] NCCL INFO 8 coll channels, 0 nvls channels, 8 p2p channels, 2 p2p channels per peer
g3021:495640:496221 [4] NCCL INFO Connected all trees
g3021:495640:496221 [4] NCCL INFO threadThresholds 8/8/64 | 128/8/64 | 512 | 512
g3021:495640:496221 [4] NCCL INFO 8 coll channels, 0 nvls channels, 8 p2p channels, 2 p2p channels per peer
g3022:3856427:3857017 [0] NCCL INFO Connected all trees
g3022:3856427:3857017 [0] NCCL INFO threadThresholds 8/8/64 | 128/8/64 | 512 | 512
g3022:3856427:3857017 [0] NCCL INFO 8 coll channels, 0 nvls channels, 8 p2p channels, 2 p2p channels per peer
g3021:495636:496215 [0] NCCL INFO Connected all trees
g3021:495636:496215 [0] NCCL INFO threadThresholds 8/8/64 | 128/8/64 | 512 | 512
g3021:495636:496215 [0] NCCL INFO 8 coll channels, 0 nvls channels, 8 p2p channels, 2 p2p channels per peer
g3022:3856433:3857012 [6] NCCL INFO Connected all trees
g3022:3856433:3857012 [6] NCCL INFO threadThresholds 8/8/64 | 128/8/64 | 512 | 512
g3022:3856433:3857012 [6] NCCL INFO 8 coll channels, 0 nvls channels, 8 p2p channels, 2 p2p channels per peer
g3021:495642:496226 [6] NCCL INFO Connected all trees
g3021:495642:496226 [6] NCCL INFO threadThresholds 8/8/64 | 128/8/64 | 512 | 512
g3021:495642:496226 [6] NCCL INFO 8 coll channels, 0 nvls channels, 8 p2p channels, 2 p2p channels per peer
g3022:3856428:3857010 [1] NCCL INFO comm 0x56df8b10 rank 9 nranks 16 cudaDev 1 nvmlDev 1 busId 16000 commId 0xa06cebc1d4919aff - Init COMPLETE
g3022:3856434:3857011 [7] NCCL INFO comm 0x577fcae0 rank 15 nranks 16 cudaDev 7 nvmlDev 7 busId ca000 commId 0xa06cebc1d4919aff - Init COMPLETE
g3022:3856429:3857013 [2] NCCL INFO comm 0x57147770 rank 10 nranks 16 cudaDev 2 nvmlDev 2 busId 49000 commId 0xa06cebc1d4919aff - Init COMPLETE
